192.168.56.1 - - [29/Apr/2021:17:25:34 +0000] "GET / HTTP/1.1" 200 18 "-" "Mozilla/5.0 (Windows NT 10.0; Win64; x64) AppleWebKit/537.36 (KHTML, like Gecko) Chrome/90.0.4430.93 Safari/537.36"
192.168.56.1 - - [29/Apr/2021:17:26:48 +0000] "OPTIONS /api/pyflask/testconnection HTTP/1.1" 200 - "http://192.168.56.220:4200/" "Mozilla/5.0 (Windows NT 10.0; Win64; x64) AppleWebKit/537.36 (KHTML, like Gecko) Chrome/90.0.4430.93 Safari/537.36"
192.168.56.1 - - [29/Apr/2021:17:26:49 +0000] "POST /api/pyflask/testconnection HTTP/1.1" 200 19 "http://192.168.56.220:4200/" "Mozilla/5.0 (Windows NT 10.0; Win64; x64) AppleWebKit/537.36 (KHTML, like Gecko) Chrome/90.0.4430.93 Safari/537.36"
192.168.56.1 - - [29/Apr/2021:17:26:59 +0000] "OPTIONS /api/pyflask/testconnection HTTP/1.1" 200 - "http://192.168.56.220:4200/" "Mozilla/5.0 (Windows NT 10.0; Win64; x64) AppleWebKit/537.36 (KHTML, like Gecko) Chrome/90.0.4430.93 Safari/537.36"
192.168.56.1 - - [29/Apr/2021:17:26:59 +0000] "POST /api/pyflask/testconnection HTTP/1.1" 200 19 "http://192.168.56.220:4200/" "Mozilla/5.0 (Windows NT 10.0; Win64; x64) AppleWebKit/537.36 (KHTML, like Gecko) Chrome/90.0.4430.93 Safari/537.36"
192.168.56.1 - - [29/Apr/2021:17:39:29 +0000] "OPTIONS /api/pyflask/testrequete HTTP/1.1" 200 - "http://192.168.56.220:4200/" "Mozilla/5.0 (Windows NT 10.0; Win64; x64) AppleWebKit/537.36 (KHTML, like Gecko) Chrome/90.0.4430.93 Safari/537.36"
192.168.56.1 - - [29/Apr/2021:17:39:29 +0000] "POST /api/pyflask/testrequete HTTP/1.1" 200 19 "http://192.168.56.220:4200/" "Mozilla/5.0 (Windows NT 10.0; Win64; x64) AppleWebKit/537.36 (KHTML, like Gecko) Chrome/90.0.4430.93 Safari/537.36"
192.168.56.1 - - [29/Apr/2021:17:39:33 +0000] "POST /api/pyflask/testrequete HTTP/1.1" 200 22 "http://192.168.56.220:4200/" "Mozilla/5.0 (Windows NT 10.0; Win64; x64) AppleWebKit/537.36 (KHTML, like Gecko) Chrome/90.0.4430.93 Safari/537.36"
192.168.56.1 - - [29/Apr/2021:17:39:47 +0000] "OPTIONS /api/pyflask/testrequete HTTP/1.1" 200 - "http://192.168.56.220:4200/" "Mozilla/5.0 (Windows NT 10.0; Win64; x64) AppleWebKit/537.36 (KHTML, like Gecko) Chrome/90.0.4430.93 Safari/537.36"
192.168.56.1 - - [29/Apr/2021:17:39:47 +0000] "POST /api/pyflask/testrequete HTTP/1.1" 200 18 "http://192.168.56.220:4200/" "Mozilla/5.0 (Windows NT 10.0; Win64; x64) AppleWebKit/537.36 (KHTML, like Gecko) Chrome/90.0.4430.93 Safari/537.36"
192.168.56.1 - - [29/Apr/2021:17:39:51 +0000] "POST /api/pyflask/testrequete HTTP/1.1" 200 51 "http://192.168.56.220:4200/" "Mozilla/5.0 (Windows NT 10.0; Win64; x64) AppleWebKit/537.36 (KHTML, like Gecko) Chrome/90.0.4430.93 Safari/537.36"
192.168.56.1 - - [29/Apr/2021:17:39:55 +0000] "OPTIONS /api/pyflask/testrequete HTTP/1.1" 200 - "http://192.168.56.220:4200/" "Mozilla/5.0 (Windows NT 10.0; Win64; x64) AppleWebKit/537.36 (KHTML, like Gecko) Chrome/90.0.4430.93 Safari/537.36"
192.168.56.1 - - [29/Apr/2021:17:39:55 +0000] "POST /api/pyflask/testrequete HTTP/1.1" 200 55 "http://192.168.56.220:4200/" "Mozilla/5.0 (Windows NT 10.0; Win64; x64) AppleWebKit/537.36 (KHTML, like Gecko) Chrome/90.0.4430.93 Safari/537.36"
192.168.56.1 - - [29/Apr/2021:17:40:41 +0000] "OPTIONS /api/pyflask/generatefile HTTP/1.1" 200 - "http://192.168.56.220:4200/" "Mozilla/5.0 (Windows NT 10.0; Win64; x64) AppleWebKit/537.36 (KHTML, like Gecko) Chrome/90.0.4430.93 Safari/537.36"
192.168.56.1 - - [29/Apr/2021:17:40:41 +0000] "POST /api/pyflask/generatefile HTTP/1.1" 200 119 "http://192.168.56.220:4200/" "Mozilla/5.0 (Windows NT 10.0; Win64; x64) AppleWebKit/537.36 (KHTML, like Gecko) Chrome/90.0.4430.93 Safari/537.36"
192.168.56.1 - - [29/Apr/2021:17:43:05 +0000] "OPTIONS /api/pyflask/testrequete HTTP/1.1" 200 - "http://192.168.56.220:4200/" "Mozilla/5.0 (Windows NT 10.0; Win64; x64) AppleWebKit/537.36 (KHTML, like Gecko) Chrome/90.0.4430.93 Safari/537.36"
192.168.56.1 - - [29/Apr/2021:17:43:05 +0000] "POST /api/pyflask/testrequete HTTP/1.1" 200 19 "http://192.168.56.220:4200/" "Mozilla/5.0 (Windows NT 10.0; Win64; x64) AppleWebKit/537.36 (KHTML, like Gecko) Chrome/90.0.4430.93 Safari/537.36"
192.168.56.1 - - [29/Apr/2021:17:43:08 +0000] "POST /api/pyflask/testrequete HTTP/1.1" 200 22 "http://192.168.56.220:4200/" "Mozilla/5.0 (Windows NT 10.0; Win64; x64) AppleWebKit/537.36 (KHTML, like Gecko) Chrome/90.0.4430.93 Safari/537.36"
192.168.56.1 - - [29/Apr/2021:17:43:29 +0000] "OPTIONS /api/pyflask/testrequete HTTP/1.1" 200 - "http://192.168.56.220:4200/" "Mozilla/5.0 (Windows NT 10.0; Win64; x64) AppleWebKit/537.36 (KHTML, like Gecko) Chrome/90.0.4430.93 Safari/537.36"
192.168.56.1 - - [29/Apr/2021:17:43:29 +0000] "POST /api/pyflask/testrequete HTTP/1.1" 200 19 "http://192.168.56.220:4200/" "Mozilla/5.0 (Windows NT 10.0; Win64; x64) AppleWebKit/537.36 (KHTML, like Gecko) Chrome/90.0.4430.93 Safari/537.36"
192.168.56.1 - - [29/Apr/2021:17:43:32 +0000] "POST /api/pyflask/testrequete HTTP/1.1" 200 22 "http://192.168.56.220:4200/" "Mozilla/5.0 (Windows NT 10.0; Win64; x64) AppleWebKit/537.36 (KHTML, like Gecko) Chrome/90.0.4430.93 Safari/537.36"
192.168.56.1 - - [30/Apr/2021:08:15:01 +0000] "OPTIONS /api/pyflask/testconnection HTTP/1.1" 200 - "http://192.168.56.220:4200/" "Mozilla/5.0 (Windows NT 10.0; Win64; x64) AppleWebKit/537.36 (KHTML, like Gecko) Chrome/90.0.4430.93 Safari/537.36"
192.168.56.1 - - [30/Apr/2021:08:15:13 +0000] "POST /api/pyflask/testconnection HTTP/1.1" 200 19 "http://192.168.56.220:4200/" "Mozilla/5.0 (Windows NT 10.0; Win64; x64) AppleWebKit/537.36 (KHTML, like Gecko) Chrome/90.0.4430.93 Safari/537.36"
192.168.56.1 - - [30/Apr/2021:08:15:19 +0000] "OPTIONS /api/pyflask/testconnection HTTP/1.1" 200 - "http://192.168.56.220:4200/" "Mozilla/5.0 (Windows NT 10.0; Win64; x64) AppleWebKit/537.36 (KHTML, like Gecko) Chrome/90.0.4430.93 Safari/537.36"
192.168.56.1 - - [30/Apr/2021:08:15:19 +0000] "POST /api/pyflask/testconnection HTTP/1.1" 200 19 "http://192.168.56.220:4200/" "Mozilla/5.0 (Windows NT 10.0; Win64; x64) AppleWebKit/537.36 (KHTML, like Gecko) Chrome/90.0.4430.93 Safari/537.36"
192.168.56.1 - - [01/May/2021:22:44:48 +0000] "GET / HTTP/1.1" 200 18 "-" "Mozilla/5.0 (Windows NT 10.0; Win64; x64) AppleWebKit/537.36 (KHTML, like Gecko) Chrome/90.0.4430.93 Safari/537.36"
192.168.56.1 - - [01/May/2021:22:44:52 +0000] "GET /favicon.ico HTTP/1.1" 404 47 "http://192.168.56.220:5000/" "Mozilla/5.0 (Windows NT 10.0; Win64; x64) AppleWebKit/537.36 (KHTML, like Gecko) Chrome/90.0.4430.93 Safari/537.36"
192.168.56.1 - - [01/May/2021:22:45:40 +0000] "-" 408 - "-" "-"
::1 - - [01/May/2021:22:47:47 +0000] "OPTIONS * HTTP/1.0" 200 - "-" "Apache/2.4.6 (CentOS) OpenSSL/1.0.2k-fips mod_auth_gssapi/1.5.1 mod_fcgid/2.3.9 mod_nss/1.0.14 NSS/3.28.4 mod_wsgi/4.7.1 Python/3.6 PHP/7.3.28 (internal dummy connection)"
::1 - - [01/May/2021:22:47:48 +0000] "OPTIONS * HTTP/1.0" 200 - "-" "Apache/2.4.6 (CentOS) OpenSSL/1.0.2k-fips mod_auth_gssapi/1.5.1 mod_fcgid/2.3.9 mod_nss/1.0.14 NSS/3.28.4 mod_wsgi/4.7.1 Python/3.6 PHP/7.3.28 (internal dummy connection)"
::1 - - [01/May/2021:22:47:50 +0000] "OPTIONS * HTTP/1.0" 200 - "-" "Apache/2.4.6 (CentOS) OpenSSL/1.0.2k-fips mod_auth_gssapi/1.5.1 mod_fcgid/2.3.9 mod_nss/1.0.14 NSS/3.28.4 mod_wsgi/4.7.1 Python/3.6 PHP/7.3.28 (internal dummy connection)"
192.168.56.1 - - [01/May/2021:22:51:20 +0000] "OPTIONS /api/pyflask/testconnection HTTP/1.1" 200 - "http://192.168.56.220:4200/" "Mozilla/5.0 (Windows NT 10.0; Win64; x64) AppleWebKit/537.36 (KHTML, like Gecko) Chrome/90.0.4430.93 Safari/537.36"
192.168.56.1 - - [01/May/2021:22:51:20 +0000] "POST /api/pyflask/testconnection HTTP/1.1" 200 19 "http://192.168.56.220:4200/" "Mozilla/5.0 (Windows NT 10.0; Win64; x64) AppleWebKit/537.36 (KHTML, like Gecko) Chrome/90.0.4430.93 Safari/537.36"
192.168.56.1 - - [01/May/2021:22:51:30 +0000] "OPTIONS /api/pyflask/testrequete HTTP/1.1" 200 - "http://192.168.56.220:4200/" "Mozilla/5.0 (Windows NT 10.0; Win64; x64) AppleWebKit/537.36 (KHTML, like Gecko) Chrome/90.0.4430.93 Safari/537.36"
192.168.56.1 - - [01/May/2021:22:51:30 +0000] "POST /api/pyflask/testrequete HTTP/1.1" 200 18 "http://192.168.56.220:4200/" "Mozilla/5.0 (Windows NT 10.0; Win64; x64) AppleWebKit/537.36 (KHTML, like Gecko) Chrome/90.0.4430.93 Safari/537.36"
192.168.56.1 - - [02/May/2021:16:31:40 +0000] "OPTIONS /api/pyflask/testrequete HTTP/1.1" 200 - "http://192.168.56.220:4200/" "Mozilla/5.0 (Windows NT 10.0; Win64; x64) AppleWebKit/537.36 (KHTML, like Gecko) Chrome/90.0.4430.93 Safari/537.36"
192.168.56.1 - - [02/May/2021:16:31:40 +0000] "POST /api/pyflask/testrequete HTTP/1.1" 200 18 "http://192.168.56.220:4200/" "Mozilla/5.0 (Windows NT 10.0; Win64; x64) AppleWebKit/537.36 (KHTML, like Gecko) Chrome/90.0.4430.93 Safari/537.36"
192.168.56.1 - - [02/May/2021:16:31:46 +0000] "OPTIONS /api/pyflask/testrequete HTTP/1.1" 200 - "http://192.168.56.220:4200/" "Mozilla/5.0 (Windows NT 10.0; Win64; x64) AppleWebKit/537.36 (KHTML, like Gecko) Chrome/90.0.4430.93 Safari/537.36"
192.168.56.1 - - [02/May/2021:16:31:46 +0000] "POST /api/pyflask/testrequete HTTP/1.1" 200 18 "http://192.168.56.220:4200/" "Mozilla/5.0 (Windows NT 10.0; Win64; x64) AppleWebKit/537.36 (KHTML, like Gecko) Chrome/90.0.4430.93 Safari/537.36"
192.168.56.1 - - [02/May/2021:16:33:34 +0000] "OPTIONS /api/pyflask/createxmlfile HTTP/1.1" 200 - "http://192.168.56.220:4200/" "Mozilla/5.0 (Windows NT 10.0; Win64; x64) AppleWebKit/537.36 (KHTML, like Gecko) Chrome/90.0.4430.93 Safari/537.36"
192.168.56.1 - - [02/May/2021:16:33:34 +0000] "POST /api/pyflask/createxmlfile HTTP/1.1" 500 290 "http://192.168.56.220:4200/" "Mozilla/5.0 (Windows NT 10.0; Win64; x64) AppleWebKit/537.36 (KHTML, like Gecko) Chrome/90.0.4430.93 Safari/537.36"
::1 - - [02/May/2021:17:53:25 +0000] "OPTIONS * HTTP/1.0" 200 - "-" "Apache/2.4.6 (CentOS) OpenSSL/1.0.2k-fips mod_auth_gssapi/1.5.1 mod_fcgid/2.3.9 mod_nss/1.0.14 NSS/3.28.4 mod_wsgi/4.7.1 Python/3.6 PHP/7.3.28 (internal dummy connection)"
::1 - - [02/May/2021:18:08:52 +0000] "OPTIONS * HTTP/1.0" 200 - "-" "Apache/2.4.6 (CentOS) OpenSSL/1.0.2k-fips mod_auth_gssapi/1.5.1 mod_fcgid/2.3.9 mod_nss/1.0.14 NSS/3.28.4 mod_wsgi/4.7.1 Python/3.6 PHP/7.3.28 (internal dummy connection)"
::1 - - [02/May/2021:18:43:41 +0000] "OPTIONS * HTTP/1.0" 200 - "-" "Apache/2.4.6 (CentOS) OpenSSL/1.0.2k-fips mod_auth_gssapi/1.5.1 mod_fcgid/2.3.9 mod_nss/1.0.14 NSS/3.28.4 mod_wsgi/4.7.1 Python/3.6 PHP/7.3.28 (internal dummy connection)"
192.168.56.220 - - [02/May/2021:18:49:08 +0000] "OPTIONS /api/pyflask/testconnection HTTP/1.1" 200 - "http://192.168.56.220:4200/" "Mozilla/5.0 (X11; Linux x86_64) AppleWebKit/537.36 (KHTML, like Gecko) Chrome/90.0.4430.85 Safari/537.36"
192.168.56.220 - - [02/May/2021:18:49:09 +0000] "POST /api/pyflask/testconnection HTTP/1.1" 200 234 "http://192.168.56.220:4200/" "Mozilla/5.0 (X11; Linux x86_64) AppleWebKit/537.36 (KHTML, like Gecko) Chrome/90.0.4430.85 Safari/537.36"
192.168.56.220 - - [02/May/2021:18:54:29 +0000] "OPTIONS /api/pyflask/testconnection HTTP/1.1" 200 - "http://192.168.56.220:4200/" "Mozilla/5.0 (X11; Linux x86_64) AppleWebKit/537.36 (KHTML, like Gecko) Chrome/90.0.4430.85 Safari/537.36"
192.168.56.220 - - [02/May/2021:18:54:29 +0000] "POST /api/pyflask/testconnection HTTP/1.1" 200 234 "http://192.168.56.220:4200/" "Mozilla/5.0 (X11; Linux x86_64) AppleWebKit/537.36 (KHTML, like Gecko) Chrome/90.0.4430.85 Safari/537.36"
192.168.56.220 - - [02/May/2021:19:04:04 +0000] "OPTIONS /api/pyflask/testconnection HTTP/1.1" 200 - "http://192.168.56.220:4200/" "Mozilla/5.0 (X11; Linux x86_64) AppleWebKit/537.36 (KHTML, like Gecko) Chrome/90.0.4430.85 Safari/537.36"
192.168.56.220 - - [02/May/2021:19:04:04 +0000] "POST /api/pyflask/testconnection HTTP/1.1" 200 19 "http://192.168.56.220:4200/" "Mozilla/5.0 (X11; Linux x86_64) AppleWebKit/537.36 (KHTML, like Gecko) Chrome/90.0.4430.85 Safari/537.36"
192.168.56.220 - - [02/May/2021:19:13:56 +0000] "OPTIONS /api/pyflask/testrequete HTTP/1.1" 200 - "http://192.168.56.220:4200/" "Mozilla/5.0 (X11; Linux x86_64) AppleWebKit/537.36 (KHTML, like Gecko) Chrome/90.0.4430.85 Safari/537.36"
192.168.56.220 - - [02/May/2021:19:13:56 +0000] "POST /api/pyflask/testrequete HTTP/1.1" 200 19 "http://192.168.56.220:4200/" "Mozilla/5.0 (X11; Linux x86_64) AppleWebKit/537.36 (KHTML, like Gecko) Chrome/90.0.4430.85 Safari/537.36"
192.168.56.220 - - [02/May/2021:19:14:52 +0000] "OPTIONS /api/pyflask/createxmlfile HTTP/1.1" 200 - "http://192.168.56.220:4200/" "Mozilla/5.0 (X11; Linux x86_64) AppleWebKit/537.36 (KHTML, like Gecko) Chrome/90.0.4430.85 Safari/537.36"
192.168.56.220 - - [02/May/2021:19:14:52 +0000] "POST /api/pyflask/createxmlfile HTTP/1.1" 500 290 "http://192.168.56.220:4200/" "Mozilla/5.0 (X11; Linux x86_64) AppleWebKit/537.36 (KHTML, like Gecko) Chrome/90.0.4430.85 Safari/537.36"
192.168.56.220 - - [02/May/2021:19:17:14 +0000] "OPTIONS /api/pyflask/testrequete HTTP/1.1" 200 - "http://192.168.56.220:4200/" "Mozilla/5.0 (X11; Linux x86_64) AppleWebKit/537.36 (KHTML, like Gecko) Chrome/90.0.4430.85 Safari/537.36"
192.168.56.220 - - [02/May/2021:19:17:14 +0000] "POST /api/pyflask/testrequete HTTP/1.1" 200 19 "http://192.168.56.220:4200/" "Mozilla/5.0 (X11; Linux x86_64) AppleWebKit/537.36 (KHTML, like Gecko) Chrome/90.0.4430.85 Safari/537.36"
192.168.56.220 - - [02/May/2021:19:18:02 +0000] "OPTIONS /api/pyflask/createxmlfile HTTP/1.1" 200 - "http://192.168.56.220:4200/" "Mozilla/5.0 (X11; Linux x86_64) AppleWebKit/537.36 (KHTML, like Gecko) Chrome/90.0.4430.85 Safari/537.36"
192.168.56.220 - - [02/May/2021:19:18:02 +0000] "POST /api/pyflask/createxmlfile HTTP/1.1" 200 23 "http://192.168.56.220:4200/" "Mozilla/5.0 (X11; Linux x86_64) AppleWebKit/537.36 (KHTML, like Gecko) Chrome/90.0.4430.85 Safari/537.36"
192.168.56.220 - - [02/May/2021:19:19:31 +0000] "OPTIONS /api/pyflask/testrequete HTTP/1.1" 200 - "http://192.168.56.220:4200/" "Mozilla/5.0 (X11; Linux x86_64) AppleWebKit/537.36 (KHTML, like Gecko) Chrome/90.0.4430.85 Safari/537.36"
192.168.56.220 - - [02/May/2021:19:19:31 +0000] "POST /api/pyflask/testrequete HTTP/1.1" 200 20 "http://192.168.56.220:4200/" "Mozilla/5.0 (X11; Linux x86_64) AppleWebKit/537.36 (KHTML, like Gecko) Chrome/90.0.4430.85 Safari/537.36"
192.168.56.220 - - [02/May/2021:19:19:56 +0000] "OPTIONS /api/pyflask/createxmlfile HTTP/1.1" 200 - "http://192.168.56.220:4200/" "Mozilla/5.0 (X11; Linux x86_64) AppleWebKit/537.36 (KHTML, like Gecko) Chrome/90.0.4430.85 Safari/537.36"
192.168.56.220 - - [02/May/2021:19:19:56 +0000] "POST /api/pyflask/createxmlfile HTTP/1.1" 200 23 "http://192.168.56.220:4200/" "Mozilla/5.0 (X11; Linux x86_64) AppleWebKit/537.36 (KHTML, like Gecko) Chrome/90.0.4430.85 Safari/537.36"
::1 - - [02/May/2021:19:30:49 +0000] "OPTIONS * HTTP/1.0" 200 - "-" "Apache/2.4.6 (CentOS) OpenSSL/1.0.2k-fips mod_auth_gssapi/1.5.1 mod_fcgid/2.3.9 mod_nss/1.0.14 NSS/3.28.4 mod_wsgi/4.7.1 Python/3.6 PHP/7.3.28 (internal dummy connection)"
::1 - - [02/May/2021:19:41:31 +0000] "OPTIONS * HTTP/1.0" 200 - "-" "Apache/2.4.6 (CentOS) OpenSSL/1.0.2k-fips mod_auth_gssapi/1.5.1 mod_fcgid/2.3.9 mod_nss/1.0.14 NSS/3.28.4 mod_wsgi/4.7.1 Python/3.6 PHP/7.3.28 (internal dummy connection)"
::1 - - [02/May/2021:19:41:32 +0000] "OPTIONS * HTTP/1.0" 200 - "-" "Apache/2.4.6 (CentOS) OpenSSL/1.0.2k-fips mod_auth_gssapi/1.5.1 mod_fcgid/2.3.9 mod_nss/1.0.14 NSS/3.28.4 mod_wsgi/4.7.1 Python/3.6 PHP/7.3.28 (internal dummy connection)"
::1 - - [02/May/2021:19:41:38 +0000] "OPTIONS * HTTP/1.0" 200 - "-" "Apache/2.4.6 (CentOS) OpenSSL/1.0.2k-fips mod_auth_gssapi/1.5.1 mod_fcgid/2.3.9 mod_nss/1.0.14 NSS/3.28.4 mod_wsgi/4.7.1 Python/3.6 PHP/7.3.28 (internal dummy connection)"
::1 - - [02/May/2021:19:41:39 +0000] "OPTIONS * HTTP/1.0" 200 - "-" "Apache/2.4.6 (CentOS) OpenSSL/1.0.2k-fips mod_auth_gssapi/1.5.1 mod_fcgid/2.3.9 mod_nss/1.0.14 NSS/3.28.4 mod_wsgi/4.7.1 Python/3.6 PHP/7.3.28 (internal dummy connection)"
::1 - - [02/May/2021:19:48:55 +0000] "OPTIONS * HTTP/1.0" 200 - "-" "Apache/2.4.6 (CentOS) OpenSSL/1.0.2k-fips mod_auth_gssapi/1.5.1 mod_fcgid/2.3.9 mod_nss/1.0.14 NSS/3.28.4 mod_wsgi/4.7.1 Python/3.6 PHP/7.3.28 (internal dummy connection)"
::1 - - [02/May/2021:22:49:47 +0000] "OPTIONS * HTTP/1.0" 200 - "-" "Apache/2.4.6 (CentOS) OpenSSL/1.0.2k-fips mod_auth_gssapi/1.5.1 mod_fcgid/2.3.9 mod_nss/1.0.14 NSS/3.28.4 mod_wsgi/4.7.1 Python/3.6 PHP/7.3.28 (internal dummy connection)"
::1 - - [02/May/2021:22:49:48 +0000] "OPTIONS * HTTP/1.0" 200 - "-" "Apache/2.4.6 (CentOS) OpenSSL/1.0.2k-fips mod_auth_gssapi/1.5.1 mod_fcgid/2.3.9 mod_nss/1.0.14 NSS/3.28.4 mod_wsgi/4.7.1 Python/3.6 PHP/7.3.28 (internal dummy connection)"
::1 - - [02/May/2021:22:49:49 +0000] "OPTIONS * HTTP/1.0" 200 - "-" "Apache/2.4.6 (CentOS) OpenSSL/1.0.2k-fips mod_auth_gssapi/1.5.1 mod_fcgid/2.3.9 mod_nss/1.0.14 NSS/3.28.4 mod_wsgi/4.7.1 Python/3.6 PHP/7.3.28 (internal dummy connection)"
::1 - - [09/May/2021:14:01:07 +0000] "OPTIONS * HTTP/1.0" 200 - "-" "Apache/2.4.6 (CentOS) OpenSSL/1.0.2k-fips mod_auth_gssapi/1.5.1 mod_fcgid/2.3.9 mod_nss/1.0.14 NSS/3.28.4 mod_wsgi/4.7.1 Python/3.6 PHP/7.3.28 (internal dummy connection)"
::1 - - [09/May/2021:14:01:09 +0000] "OPTIONS * HTTP/1.0" 200 - "-" "Apache/2.4.6 (CentOS) OpenSSL/1.0.2k-fips mod_auth_gssapi/1.5.1 mod_fcgid/2.3.9 mod_nss/1.0.14 NSS/3.28.4 mod_wsgi/4.7.1 Python/3.6 PHP/7.3.28 (internal dummy connection)"
::1 - - [09/May/2021:15:59:12 +0000] "OPTIONS * HTTP/1.0" 200 - "-" "Apache/2.4.6 (CentOS) OpenSSL/1.0.2k-fips mod_auth_gssapi/1.5.1 mod_fcgid/2.3.9 mod_nss/1.0.14 NSS/3.28.4 mod_wsgi/4.7.1 Python/3.6 PHP/7.3.28 (internal dummy connection)"
::1 - - [09/May/2021:15:59:13 +0000] "OPTIONS * HTTP/1.0" 200 - "-" "Apache/2.4.6 (CentOS) OpenSSL/1.0.2k-fips mod_auth_gssapi/1.5.1 mod_fcgid/2.3.9 mod_nss/1.0.14 NSS/3.28.4 mod_wsgi/4.7.1 Python/3.6 PHP/7.3.28 (internal dummy connection)"
::1 - - [09/May/2021:16:06:46 +0000] "OPTIONS * HTTP/1.0" 200 - "-" "Apache/2.4.6 (CentOS) OpenSSL/1.0.2k-fips mod_auth_gssapi/1.5.1 mod_fcgid/2.3.9 mod_nss/1.0.14 NSS/3.28.4 mod_wsgi/4.7.1 Python/3.6 PHP/7.3.28 (internal dummy connection)"
::1 - - [09/May/2021:16:06:47 +0000] "OPTIONS * HTTP/1.0" 200 - "-" "Apache/2.4.6 (CentOS) OpenSSL/1.0.2k-fips mod_auth_gssapi/1.5.1 mod_fcgid/2.3.9 mod_nss/1.0.14 NSS/3.28.4 mod_wsgi/4.7.1 Python/3.6 PHP/7.3.28 (internal dummy connection)"
::1 - - [09/May/2021:16:06:48 +0000] "OPTIONS * HTTP/1.0" 200 - "-" "Apache/2.4.6 (CentOS) OpenSSL/1.0.2k-fips mod_auth_gssapi/1.5.1 mod_fcgid/2.3.9 mod_nss/1.0.14 NSS/3.28.4 mod_wsgi/4.7.1 Python/3.6 PHP/7.3.28 (internal dummy connection)"
192.168.56.1 - - [09/May/2021:16:07:12 +0000] "OPTIONS /api/pyflask/testconnection HTTP/1.1" 200 - "http://192.168.56.220:4200/" "Mozilla/5.0 (Windows NT 10.0; Win64; x64) AppleWebKit/537.36 (KHTML, like Gecko) Chrome/90.0.4430.93 Safari/537.36"
192.168.56.1 - - [09/May/2021:16:07:13 +0000] "POST /api/pyflask/testconnection HTTP/1.1" 200 19 "http://192.168.56.220:4200/" "Mozilla/5.0 (Windows NT 10.0; Win64; x64) AppleWebKit/537.36 (KHTML, like Gecko) Chrome/90.0.4430.93 Safari/537.36"
192.168.56.1 - - [09/May/2021:16:07:20 +0000] "OPTIONS /api/pyflask/testconnection HTTP/1.1" 200 - "http://192.168.56.220:4200/" "Mozilla/5.0 (Windows NT 10.0; Win64; x64) AppleWebKit/537.36 (KHTML, like Gecko) Chrome/90.0.4430.93 Safari/537.36"
192.168.56.1 - - [09/May/2021:16:07:20 +0000] "POST /api/pyflask/testconnection HTTP/1.1" 200 86 "http://192.168.56.220:4200/" "Mozilla/5.0 (Windows NT 10.0; Win64; x64) AppleWebKit/537.36 (KHTML, like Gecko) Chrome/90.0.4430.93 Safari/537.36"
192.168.56.1 - - [09/May/2021:16:08:09 +0000] "OPTIONS /api/pyflask/testconnection HTTP/1.1" 200 - "http://192.168.56.220:4200/" "Mozilla/5.0 (Windows NT 10.0; Win64; x64) AppleWebKit/537.36 (KHTML, like Gecko) Chrome/90.0.4430.93 Safari/537.36"
192.168.56.1 - - [09/May/2021:16:08:09 +0000] "POST /api/pyflask/testconnection HTTP/1.1" 200 19 "http://192.168.56.220:4200/" "Mozilla/5.0 (Windows NT 10.0; Win64; x64) AppleWebKit/537.36 (KHTML, like Gecko) Chrome/90.0.4430.93 Safari/537.36"
192.168.56.1 - - [09/May/2021:17:40:44 +0000] "OPTIONS /api/pyflask/testrequete HTTP/1.1" 200 - "http://192.168.56.220:4200/" "Mozilla/5.0 (Windows NT 10.0; Win64; x64) AppleWebKit/537.36 (KHTML, like Gecko) Chrome/90.0.4430.93 Safari/537.36"
192.168.56.1 - - [09/May/2021:17:40:44 +0000] "POST /api/pyflask/testrequete HTTP/1.1" 200 19 "http://192.168.56.220:4200/" "Mozilla/5.0 (Windows NT 10.0; Win64; x64) AppleWebKit/537.36 (KHTML, like Gecko) Chrome/90.0.4430.93 Safari/537.36"
192.168.56.1 - - [09/May/2021:17:41:24 +0000] "OPTIONS /api/pyflask/createxmlfile HTTP/1.1" 200 - "http://192.168.56.220:4200/" "Mozilla/5.0 (Windows NT 10.0; Win64; x64) AppleWebKit/537.36 (KHTML, like Gecko) Chrome/90.0.4430.93 Safari/537.36"
192.168.56.1 - - [09/May/2021:17:41:24 +0000] "POST /api/pyflask/createxmlfile HTTP/1.1" 200 23 "http://192.168.56.220:4200/" "Mozilla/5.0 (Windows NT 10.0; Win64; x64) AppleWebKit/537.36 (KHTML, like Gecko) Chrome/90.0.4430.93 Safari/537.36"
::1 - - [09/May/2021:17:46:08 +0000] "OPTIONS * HTTP/1.0" 200 - "-" "Apache/2.4.6 (CentOS) OpenSSL/1.0.2k-fips mod_auth_gssapi/1.5.1 mod_fcgid/2.3.9 mod_nss/1.0.14 NSS/3.28.4 mod_wsgi/4.7.1 Python/3.6 PHP/7.3.28 (internal dummy connection)"
::1 - - [09/May/2021:17:46:46 +0000] "OPTIONS * HTTP/1.0" 200 - "-" "Apache/2.4.6 (CentOS) OpenSSL/1.0.2k-fips mod_auth_gssapi/1.5.1 mod_fcgid/2.3.9 mod_nss/1.0.14 NSS/3.28.4 mod_wsgi/4.7.1 Python/3.6 PHP/7.3.28 (internal dummy connection)"
::1 - - [09/May/2021:17:46:47 +0000] "OPTIONS * HTTP/1.0" 200 - "-" "Apache/2.4.6 (CentOS) OpenSSL/1.0.2k-fips mod_auth_gssapi/1.5.1 mod_fcgid/2.3.9 mod_nss/1.0.14 NSS/3.28.4 mod_wsgi/4.7.1 Python/3.6 PHP/7.3.28 (internal dummy connection)"
::1 - - [09/May/2021:17:46:53 +0000] "OPTIONS * HTTP/1.0" 200 - "-" "Apache/2.4.6 (CentOS) OpenSSL/1.0.2k-fips mod_auth_gssapi/1.5.1 mod_fcgid/2.3.9 mod_nss/1.0.14 NSS/3.28.4 mod_wsgi/4.7.1 Python/3.6 PHP/7.3.28 (internal dummy connection)"
::1 - - [09/May/2021:17:49:13 +0000] "OPTIONS * HTTP/1.0" 200 - "-" "Apache/2.4.6 (CentOS) OpenSSL/1.0.2k-fips mod_auth_gssapi/1.5.1 mod_fcgid/2.3.9 mod_nss/1.0.14 NSS/3.28.4 mod_wsgi/4.7.1 Python/3.6 PHP/7.3.28 (internal dummy connection)"
192.168.56.220 - - [09/May/2021:19:01:11 +0000] "OPTIONS /api/pyflask/testconnection HTTP/1.1" 200 - "http://127.0.0.1:4100/" "Mozilla/5.0 (X11; Linux x86_64) AppleWebKit/537.36 (KHTML, like Gecko) Chrome/90.0.4430.85 Safari/537.36"
192.168.56.220 - - [09/May/2021:19:01:11 +0000] "POST /api/pyflask/testconnection HTTP/1.1" 200 19 "http://127.0.0.1:4100/" "Mozilla/5.0 (X11; Linux x86_64) AppleWebKit/537.36 (KHTML, like Gecko) Chrome/90.0.4430.85 Safari/537.36"
192.168.56.220 - - [09/May/2021:19:01:14 +0000] "POST /api/pyflask/testconnection HTTP/1.1" 200 19 "http://127.0.0.1:4100/" "Mozilla/5.0 (X11; Linux x86_64) AppleWebKit/537.36 (KHTML, like Gecko) Chrome/90.0.4430.85 Safari/537.36"
192.168.56.220 - - [09/May/2021:19:33:36 +0000] "OPTIONS /api/pyflask/testrequete HTTP/1.1" 200 - "http://127.0.0.1:4100/" "Mozilla/5.0 (X11; Linux x86_64) AppleWebKit/537.36 (KHTML, like Gecko) Chrome/90.0.4430.85 Safari/537.36"
192.168.56.220 - - [09/May/2021:19:33:36 +0000] "POST /api/pyflask/testrequete HTTP/1.1" 200 20 "http://127.0.0.1:4100/" "Mozilla/5.0 (X11; Linux x86_64) AppleWebKit/537.36 (KHTML, like Gecko) Chrome/90.0.4430.85 Safari/537.36"
192.168.56.220 - - [09/May/2021:19:34:31 +0000] "OPTIONS /api/pyflask/createxmlfile HTTP/1.1" 200 - "http://127.0.0.1:4100/" "Mozilla/5.0 (X11; Linux x86_64) AppleWebKit/537.36 (KHTML, like Gecko) Chrome/90.0.4430.85 Safari/537.36"
192.168.56.220 - - [09/May/2021:19:34:31 +0000] "POST /api/pyflask/createxmlfile HTTP/1.1" 200 23 "http://127.0.0.1:4100/" "Mozilla/5.0 (X11; Linux x86_64) AppleWebKit/537.36 (KHTML, like Gecko) Chrome/90.0.4430.85 Safari/537.36"
192.168.56.220 - - [09/May/2021:19:41:43 +0000] "OPTIONS /api/pyflask/testrequete HTTP/1.1" 200 - "http://127.0.0.1:4100/" "Mozilla/5.0 (X11; Linux x86_64) AppleWebKit/537.36 (KHTML, like Gecko) Chrome/90.0.4430.85 Safari/537.36"
192.168.56.220 - - [09/May/2021:19:41:43 +0000] "POST /api/pyflask/testrequete HTTP/1.1" 200 21 "http://127.0.0.1:4100/" "Mozilla/5.0 (X11; Linux x86_64) AppleWebKit/537.36 (KHTML, like Gecko) Chrome/90.0.4430.85 Safari/537.36"
192.168.56.220 - - [09/May/2021:19:42:12 +0000] "OPTIONS /api/pyflask/createxmlfile HTTP/1.1" 200 - "http://127.0.0.1:4100/" "Mozilla/5.0 (X11; Linux x86_64) AppleWebKit/537.36 (KHTML, like Gecko) Chrome/90.0.4430.85 Safari/537.36"
192.168.56.220 - - [09/May/2021:19:42:12 +0000] "POST /api/pyflask/createxmlfile HTTP/1.1" 200 23 "http://127.0.0.1:4100/" "Mozilla/5.0 (X11; Linux x86_64) AppleWebKit/537.36 (KHTML, like Gecko) Chrome/90.0.4430.85 Safari/537.36"
192.168.56.1 - - [11/May/2021:16:15:30 +0000] "OPTIONS /api/pyflask/testrequete HTTP/1.1" 200 - "http://192.168.56.220:4200/" "Mozilla/5.0 (Windows NT 10.0; Win64; x64) AppleWebKit/537.36 (KHTML, like Gecko) Chrome/90.0.4430.93 Safari/537.36"
192.168.56.1 - - [11/May/2021:16:15:31 +0000] "POST /api/pyflask/testrequete HTTP/1.1" 200 19 "http://192.168.56.220:4200/" "Mozilla/5.0 (Windows NT 10.0; Win64; x64) AppleWebKit/537.36 (KHTML, like Gecko) Chrome/90.0.4430.93 Safari/537.36"
192.168.56.1 - - [11/May/2021:16:16:31 +0000] "OPTIONS /api/pyflask/testrequete HTTP/1.1" 200 - "http://192.168.56.220:4200/" "Mozilla/5.0 (Windows NT 10.0; Win64; x64) AppleWebKit/537.36 (KHTML, like Gecko) Chrome/90.0.4430.93 Safari/537.36"
192.168.56.1 - - [11/May/2021:16:16:31 +0000] "POST /api/pyflask/testrequete HTTP/1.1" 200 18 "http://192.168.56.220:4200/" "Mozilla/5.0 (Windows NT 10.0; Win64; x64) AppleWebKit/537.36 (KHTML, like Gecko) Chrome/90.0.4430.93 Safari/537.36"
192.168.56.1 - - [11/May/2021:16:17:45 +0000] "OPTIONS /api/pyflask/createxmlfile HTTP/1.1" 200 - "http://192.168.56.220:4200/" "Mozilla/5.0 (Windows NT 10.0; Win64; x64) AppleWebKit/537.36 (KHTML, like Gecko) Chrome/90.0.4430.93 Safari/537.36"
192.168.56.1 - - [11/May/2021:16:17:45 +0000] "POST /api/pyflask/createxmlfile HTTP/1.1" 200 23 "http://192.168.56.220:4200/" "Mozilla/5.0 (Windows NT 10.0; Win64; x64) AppleWebKit/537.36 (KHTML, like Gecko) Chrome/90.0.4430.93 Safari/537.36"
192.168.56.1 - - [11/May/2021:16:17:57 +0000] "OPTIONS /api/pyflask/testrequete HTTP/1.1" 200 - "http://192.168.56.220:4200/" "Mozilla/5.0 (Windows NT 10.0; Win64; x64) AppleWebKit/537.36 (KHTML, like Gecko) Chrome/90.0.4430.93 Safari/537.36"
192.168.56.1 - - [11/May/2021:16:17:57 +0000] "POST /api/pyflask/testrequete HTTP/1.1" 200 18 "http://192.168.56.220:4200/" "Mozilla/5.0 (Windows NT 10.0; Win64; x64) AppleWebKit/537.36 (KHTML, like Gecko) Chrome/90.0.4430.93 Safari/537.36"
::1 - - [11/May/2021:16:21:10 +0000] "OPTIONS * HTTP/1.0" 200 - "-" "Apache/2.4.6 (CentOS) OpenSSL/1.0.2k-fips mod_auth_gssapi/1.5.1 mod_fcgid/2.3.9 mod_nss/1.0.14 NSS/3.28.4 mod_wsgi/4.7.1 Python/3.6 PHP/7.3.28 (internal dummy connection)"
::1 - - [11/May/2021:16:21:20 +0000] "OPTIONS * HTTP/1.0" 200 - "-" "Apache/2.4.6 (CentOS) OpenSSL/1.0.2k-fips mod_auth_gssapi/1.5.1 mod_fcgid/2.3.9 mod_nss/1.0.14 NSS/3.28.4 mod_wsgi/4.7.1 Python/3.6 PHP/7.3.28 (internal dummy connection)"
::1 - - [11/May/2021:16:21:30 +0000] "OPTIONS * HTTP/1.0" 200 - "-" "Apache/2.4.6 (CentOS) OpenSSL/1.0.2k-fips mod_auth_gssapi/1.5.1 mod_fcgid/2.3.9 mod_nss/1.0.14 NSS/3.28.4 mod_wsgi/4.7.1 Python/3.6 PHP/7.3.28 (internal dummy connection)"
192.168.56.1 - - [11/May/2021:17:04:36 +0000] "OPTIONS /api/pyflask/testrequete HTTP/1.1" 200 - "http://192.168.56.220:4200/" "Mozilla/5.0 (Windows NT 10.0; Win64; x64) AppleWebKit/537.36 (KHTML, like Gecko) Chrome/90.0.4430.93 Safari/537.36"
192.168.56.1 - - [11/May/2021:17:04:36 +0000] "POST /api/pyflask/testrequete HTTP/1.1" 200 22 "http://192.168.56.220:4200/" "Mozilla/5.0 (Windows NT 10.0; Win64; x64) AppleWebKit/537.36 (KHTML, like Gecko) Chrome/90.0.4430.93 Safari/537.36"
192.168.56.1 - - [11/May/2021:17:04:55 +0000] "OPTIONS /api/pyflask/testrequete HTTP/1.1" 200 - "http://192.168.56.220:4200/" "Mozilla/5.0 (Windows NT 10.0; Win64; x64) AppleWebKit/537.36 (KHTML, like Gecko) Chrome/90.0.4430.93 Safari/537.36"
192.168.56.1 - - [11/May/2021:17:04:55 +0000] "POST /api/pyflask/testrequete HTTP/1.1" 200 18 "http://192.168.56.220:4200/" "Mozilla/5.0 (Windows NT 10.0; Win64; x64) AppleWebKit/537.36 (KHTML, like Gecko) Chrome/90.0.4430.93 Safari/537.36"
192.168.56.1 - - [11/May/2021:17:06:01 +0000] "OPTIONS /api/pyflask/createxmlfile HTTP/1.1" 200 - "http://192.168.56.220:4200/" "Mozilla/5.0 (Windows NT 10.0; Win64; x64) AppleWebKit/537.36 (KHTML, like Gecko) Chrome/90.0.4430.93 Safari/537.36"
192.168.56.1 - - [11/May/2021:17:06:01 +0000] "POST /api/pyflask/createxmlfile HTTP/1.1" 200 23 "http://192.168.56.220:4200/" "Mozilla/5.0 (Windows NT 10.0; Win64; x64) AppleWebKit/537.36 (KHTML, like Gecko) Chrome/90.0.4430.93 Safari/537.36"
::1 - - [11/May/2021:17:06:41 +0000] "OPTIONS * HTTP/1.0" 200 - "-" "Apache/2.4.6 (CentOS) OpenSSL/1.0.2k-fips mod_auth_gssapi/1.5.1 mod_fcgid/2.3.9 mod_nss/1.0.14 NSS/3.28.4 mod_wsgi/4.7.1 Python/3.6 PHP/7.3.28 (internal dummy connection)"
192.168.56.1 - - [11/May/2021:17:07:00 +0000] "OPTIONS /api/pyflask/createxmlfile HTTP/1.1" 200 - "http://192.168.56.220:4200/" "Mozilla/5.0 (Windows NT 10.0; Win64; x64) AppleWebKit/537.36 (KHTML, like Gecko) Chrome/90.0.4430.93 Safari/537.36"
192.168.56.1 - - [11/May/2021:17:07:00 +0000] "POST /api/pyflask/createxmlfile HTTP/1.1" 200 23 "http://192.168.56.220:4200/" "Mozilla/5.0 (Windows NT 10.0; Win64; x64) AppleWebKit/537.36 (KHTML, like Gecko) Chrome/90.0.4430.93 Safari/537.36"
192.168.56.1 - - [11/May/2021:17:07:42 +0000] "OPTIONS /api/pyflask/testrequete HTTP/1.1" 200 - "http://192.168.56.220:4200/" "Mozilla/5.0 (Windows NT 10.0; Win64; x64) AppleWebKit/537.36 (KHTML, like Gecko) Chrome/90.0.4430.93 Safari/537.36"
192.168.56.1 - - [11/May/2021:17:07:42 +0000] "POST /api/pyflask/testrequete HTTP/1.1" 200 18 "http://192.168.56.220:4200/" "Mozilla/5.0 (Windows NT 10.0; Win64; x64) AppleWebKit/537.36 (KHTML, like Gecko) Chrome/90.0.4430.93 Safari/537.36"
192.168.56.1 - - [11/May/2021:17:08:19 +0000] "OPTIONS /api/pyflask/createxmlfile HTTP/1.1" 200 - "http://192.168.56.220:4200/" "Mozilla/5.0 (Windows NT 10.0; Win64; x64) AppleWebKit/537.36 (KHTML, like Gecko) Chrome/90.0.4430.93 Safari/537.36"
192.168.56.1 - - [11/May/2021:17:08:19 +0000] "POST /api/pyflask/createxmlfile HTTP/1.1" 200 23 "http://192.168.56.220:4200/" "Mozilla/5.0 (Windows NT 10.0; Win64; x64) AppleWebKit/537.36 (KHTML, like Gecko) Chrome/90.0.4430.93 Safari/537.36"
::1 - - [11/May/2021:17:11:56 +0000] "OPTIONS * HTTP/1.0" 200 - "-" "Apache/2.4.6 (CentOS) OpenSSL/1.0.2k-fips mod_auth_gssapi/1.5.1 mod_fcgid/2.3.9 mod_nss/1.0.14 NSS/3.28.4 mod_wsgi/4.7.1 Python/3.6 PHP/7.3.28 (internal dummy connection)"
192.168.56.1 - - [11/May/2021:17:20:04 +0000] "OPTIONS /api/pyflask/testrequete HTTP/1.1" 200 - "http://192.168.56.220:4200/" "Mozilla/5.0 (Windows NT 10.0; Win64; x64) AppleWebKit/537.36 (KHTML, like Gecko) Chrome/90.0.4430.93 Safari/537.36"
192.168.56.1 - - [11/May/2021:17:20:06 +0000] "POST /api/pyflask/testrequete HTTP/1.1" 200 18 "http://192.168.56.220:4200/" "Mozilla/5.0 (Windows NT 10.0; Win64; x64) AppleWebKit/537.36 (KHTML, like Gecko) Chrome/90.0.4430.93 Safari/537.36"
192.168.56.1 - - [11/May/2021:17:20:50 +0000] "OPTIONS /api/pyflask/createxmlfile HTTP/1.1" 200 - "http://192.168.56.220:4200/" "Mozilla/5.0 (Windows NT 10.0; Win64; x64) AppleWebKit/537.36 (KHTML, like Gecko) Chrome/90.0.4430.93 Safari/537.36"
192.168.56.1 - - [11/May/2021:17:20:50 +0000] "POST /api/pyflask/createxmlfile HTTP/1.1" 200 23 "http://192.168.56.220:4200/" "Mozilla/5.0 (Windows NT 10.0; Win64; x64) AppleWebKit/537.36 (KHTML, like Gecko) Chrome/90.0.4430.93 Safari/537.36"
::1 - - [11/May/2021:17:24:35 +0000] "OPTIONS * HTTP/1.0" 200 - "-" "Apache/2.4.6 (CentOS) OpenSSL/1.0.2k-fips mod_auth_gssapi/1.5.1 mod_fcgid/2.3.9 mod_nss/1.0.14 NSS/3.28.4 mod_wsgi/4.7.1 Python/3.6 PHP/7.3.28 (internal dummy connection)"
::1 - - [11/May/2021:17:24:36 +0000] "OPTIONS * HTTP/1.0" 200 - "-" "Apache/2.4.6 (CentOS) OpenSSL/1.0.2k-fips mod_auth_gssapi/1.5.1 mod_fcgid/2.3.9 mod_nss/1.0.14 NSS/3.28.4 mod_wsgi/4.7.1 Python/3.6 PHP/7.3.28 (internal dummy connection)"
192.168.56.1 - - [11/May/2021:17:26:38 +0000] "OPTIONS /api/pyflask/testrequete HTTP/1.1" 200 - "http://192.168.56.220:4200/" "Mozilla/5.0 (Windows NT 10.0; Win64; x64) AppleWebKit/537.36 (KHTML, like Gecko) Chrome/90.0.4430.93 Safari/537.36"
192.168.56.1 - - [11/May/2021:17:26:38 +0000] "POST /api/pyflask/testrequete HTTP/1.1" 200 18 "http://192.168.56.220:4200/" "Mozilla/5.0 (Windows NT 10.0; Win64; x64) AppleWebKit/537.36 (KHTML, like Gecko) Chrome/90.0.4430.93 Safari/537.36"
192.168.56.1 - - [11/May/2021:17:27:12 +0000] "OPTIONS /api/pyflask/createxmlfile HTTP/1.1" 200 - "http://192.168.56.220:4200/" "Mozilla/5.0 (Windows NT 10.0; Win64; x64) AppleWebKit/537.36 (KHTML, like Gecko) Chrome/90.0.4430.93 Safari/537.36"
192.168.56.1 - - [11/May/2021:17:27:12 +0000] "POST /api/pyflask/createxmlfile HTTP/1.1" 200 23 "http://192.168.56.220:4200/" "Mozilla/5.0 (Windows NT 10.0; Win64; x64) AppleWebKit/537.36 (KHTML, like Gecko) Chrome/90.0.4430.93 Safari/537.36"
::1 - - [11/May/2021:17:29:33 +0000] "OPTIONS * HTTP/1.0" 200 - "-" "Apache/2.4.6 (CentOS) OpenSSL/1.0.2k-fips mod_auth_gssapi/1.5.1 mod_fcgid/2.3.9 mod_nss/1.0.14 NSS/3.28.4 mod_wsgi/4.7.1 Python/3.6 PHP/7.3.28 (internal dummy connection)"
::1 - - [11/May/2021:17:29:34 +0000] "OPTIONS * HTTP/1.0" 200 - "-" "Apache/2.4.6 (CentOS) OpenSSL/1.0.2k-fips mod_auth_gssapi/1.5.1 mod_fcgid/2.3.9 mod_nss/1.0.14 NSS/3.28.4 mod_wsgi/4.7.1 Python/3.6 PHP/7.3.28 (internal dummy connection)"
::1 - - [11/May/2021:17:29:35 +0000] "OPTIONS * HTTP/1.0" 200 - "-" "Apache/2.4.6 (CentOS) OpenSSL/1.0.2k-fips mod_auth_gssapi/1.5.1 mod_fcgid/2.3.9 mod_nss/1.0.14 NSS/3.28.4 mod_wsgi/4.7.1 Python/3.6 PHP/7.3.28 (internal dummy connection)"
::1 - - [11/May/2021:17:29:37 +0000] "OPTIONS * HTTP/1.0" 200 - "-" "Apache/2.4.6 (CentOS) OpenSSL/1.0.2k-fips mod_auth_gssapi/1.5.1 mod_fcgid/2.3.9 mod_nss/1.0.14 NSS/3.28.4 mod_wsgi/4.7.1 Python/3.6 PHP/7.3.28 (internal dummy connection)"
::1 - - [11/May/2021:17:30:29 +0000] "OPTIONS * HTTP/1.0" 200 - "-" "Apache/2.4.6 (CentOS) OpenSSL/1.0.2k-fips mod_auth_gssapi/1.5.1 mod_fcgid/2.3.9 mod_nss/1.0.14 NSS/3.28.4 mod_wsgi/4.7.1 Python/3.6 PHP/7.3.28 (internal dummy connection)"
::1 - - [11/May/2021:17:30:30 +0000] "OPTIONS * HTTP/1.0" 200 - "-" "Apache/2.4.6 (CentOS) OpenSSL/1.0.2k-fips mod_auth_gssapi/1.5.1 mod_fcgid/2.3.9 mod_nss/1.0.14 NSS/3.28.4 mod_wsgi/4.7.1 Python/3.6 PHP/7.3.28 (internal dummy connection)"
::1 - - [11/May/2021:17:33:56 +0000] "OPTIONS * HTTP/1.0" 200 - "-" "Apache/2.4.6 (CentOS) OpenSSL/1.0.2k-fips mod_auth_gssapi/1.5.1 mod_fcgid/2.3.9 mod_nss/1.0.14 NSS/3.28.4 mod_wsgi/4.7.1 Python/3.6 PHP/7.3.28 (internal dummy connection)"
::1 - - [11/May/2021:18:02:42 +0000] "OPTIONS * HTTP/1.0" 200 - "-" "Apache/2.4.6 (CentOS) OpenSSL/1.0.2k-fips mod_auth_gssapi/1.5.1 mod_fcgid/2.3.9 mod_nss/1.0.14 NSS/3.28.4 mod_wsgi/4.7.1 Python/3.6 PHP/7.3.28 (internal dummy connection)"
192.168.56.1 - - [11/May/2021:19:10:37 +0000] "OPTIONS /api/pyflask/testconnection HTTP/1.1" 200 - "http://192.168.56.220:4200/" "Mozilla/5.0 (Windows NT 10.0; Win64; x64) AppleWebKit/537.36 (KHTML, like Gecko) Chrome/90.0.4430.93 Safari/537.36"
192.168.56.1 - - [11/May/2021:19:10:38 +0000] "POST /api/pyflask/testconnection HTTP/1.1" 200 19 "http://192.168.56.220:4200/" "Mozilla/5.0 (Windows NT 10.0; Win64; x64) AppleWebKit/537.36 (KHTML, like Gecko) Chrome/90.0.4430.93 Safari/537.36"
<<<<<<< HEAD
192.168.56.1 - - [11/May/2021:23:37:03 +0000] "OPTIONS /api/pyflask/testrequete HTTP/1.1" 200 - "http://192.168.56.220:4200/" "Mozilla/5.0 (Windows NT 10.0; Win64; x64) AppleWebKit/537.36 (KHTML, like Gecko) Chrome/90.0.4430.93 Safari/537.36"
192.168.56.1 - - [11/May/2021:23:37:07 +0000] "POST /api/pyflask/testrequete HTTP/1.1" 200 18 "http://192.168.56.220:4200/" "Mozilla/5.0 (Windows NT 10.0; Win64; x64) AppleWebKit/537.36 (KHTML, like Gecko) Chrome/90.0.4430.93 Safari/537.36"
192.168.56.1 - - [11/May/2021:23:38:02 +0000] "OPTIONS /api/pyflask/createxmlfile HTTP/1.1" 200 - "http://192.168.56.220:4200/" "Mozilla/5.0 (Windows NT 10.0; Win64; x64) AppleWebKit/537.36 (KHTML, like Gecko) Chrome/90.0.4430.93 Safari/537.36"
192.168.56.1 - - [11/May/2021:23:38:02 +0000] "POST /api/pyflask/createxmlfile HTTP/1.1" 500 290 "http://192.168.56.220:4200/" "Mozilla/5.0 (Windows NT 10.0; Win64; x64) AppleWebKit/537.36 (KHTML, like Gecko) Chrome/90.0.4430.93 Safari/537.36"
::1 - - [13/May/2021:19:30:34 +0000] "OPTIONS * HTTP/1.0" 200 - "-" "Apache/2.4.6 (CentOS) OpenSSL/1.0.2k-fips mod_auth_gssapi/1.5.1 mod_fcgid/2.3.9 mod_nss/1.0.14 NSS/3.28.4 mod_wsgi/4.7.1 Python/3.6 PHP/7.3.28 (internal dummy connection)"
::1 - - [13/May/2021:19:30:35 +0000] "OPTIONS * HTTP/1.0" 200 - "-" "Apache/2.4.6 (CentOS) OpenSSL/1.0.2k-fips mod_auth_gssapi/1.5.1 mod_fcgid/2.3.9 mod_nss/1.0.14 NSS/3.28.4 mod_wsgi/4.7.1 Python/3.6 PHP/7.3.28 (internal dummy connection)"
192.168.56.1 - - [13/May/2021:19:32:55 +0000] "OPTIONS /api/pyflask/testrequete HTTP/1.1" 200 - "http://192.168.56.220:4200/" "Mozilla/5.0 (Windows NT 10.0; Win64; x64) AppleWebKit/537.36 (KHTML, like Gecko) Chrome/90.0.4430.212 Safari/537.36"
192.168.56.1 - - [13/May/2021:19:32:57 +0000] "POST /api/pyflask/testrequete HTTP/1.1" 200 18 "http://192.168.56.220:4200/" "Mozilla/5.0 (Windows NT 10.0; Win64; x64) AppleWebKit/537.36 (KHTML, like Gecko) Chrome/90.0.4430.212 Safari/537.36"
::1 - - [13/May/2021:20:32:21 +0000] "OPTIONS * HTTP/1.0" 200 - "-" "Apache/2.4.6 (CentOS) OpenSSL/1.0.2k-fips mod_auth_gssapi/1.5.1 mod_fcgid/2.3.9 mod_nss/1.0.14 NSS/3.28.4 mod_wsgi/4.7.1 Python/3.6 PHP/7.3.28 (internal dummy connection)"
192.168.56.220 - - [13/May/2021:20:38:17 +0000] "OPTIONS /api/pyflask/testrequete HTTP/1.1" 200 - "http://127.0.0.1:4100/" "Mozilla/5.0 (X11; Linux x86_64) AppleWebKit/537.36 (KHTML, like Gecko) Chrome/90.0.4430.93 Safari/537.36"
192.168.56.220 - - [13/May/2021:20:38:17 +0000] "POST /api/pyflask/testrequete HTTP/1.1" 200 19 "http://127.0.0.1:4100/" "Mozilla/5.0 (X11; Linux x86_64) AppleWebKit/537.36 (KHTML, like Gecko) Chrome/90.0.4430.93 Safari/537.36"
192.168.56.220 - - [13/May/2021:20:53:38 +0000] "OPTIONS /api/pyflask/createxmlfile HTTP/1.1" 200 - "http://127.0.0.1:4100/" "Mozilla/5.0 (X11; Linux x86_64) AppleWebKit/537.36 (KHTML, like Gecko) Chrome/90.0.4430.93 Safari/537.36"
192.168.56.220 - - [13/May/2021:20:53:38 +0000] "POST /api/pyflask/createxmlfile HTTP/1.1" 500 290 "http://127.0.0.1:4100/" "Mozilla/5.0 (X11; Linux x86_64) AppleWebKit/537.36 (KHTML, like Gecko) Chrome/90.0.4430.93 Safari/537.36"
192.168.56.220 - - [13/May/2021:20:53:52 +0000] "OPTIONS /api/pyflask/testrequete HTTP/1.1" 200 - "http://127.0.0.1:4100/" "Mozilla/5.0 (X11; Linux x86_64) AppleWebKit/537.36 (KHTML, like Gecko) Chrome/90.0.4430.93 Safari/537.36"
192.168.56.220 - - [13/May/2021:20:53:52 +0000] "POST /api/pyflask/testrequete HTTP/1.1" 200 19 "http://127.0.0.1:4100/" "Mozilla/5.0 (X11; Linux x86_64) AppleWebKit/537.36 (KHTML, like Gecko) Chrome/90.0.4430.93 Safari/537.36"
192.168.56.220 - - [13/May/2021:20:55:53 +0000] "OPTIONS /api/pyflask/testrequete HTTP/1.1" 200 - "http://127.0.0.1:4100/" "Mozilla/5.0 (X11; Linux x86_64) AppleWebKit/537.36 (KHTML, like Gecko) Chrome/90.0.4430.93 Safari/537.36"
192.168.56.220 - - [13/May/2021:20:55:53 +0000] "POST /api/pyflask/testrequete HTTP/1.1" 200 18 "http://127.0.0.1:4100/" "Mozilla/5.0 (X11; Linux x86_64) AppleWebKit/537.36 (KHTML, like Gecko) Chrome/90.0.4430.93 Safari/537.36"
192.168.56.220 - - [13/May/2021:20:56:16 +0000] "OPTIONS /api/pyflask/createxmlfile HTTP/1.1" 200 - "http://127.0.0.1:4100/" "Mozilla/5.0 (X11; Linux x86_64) AppleWebKit/537.36 (KHTML, like Gecko) Chrome/90.0.4430.93 Safari/537.36"
192.168.56.220 - - [13/May/2021:20:56:16 +0000] "POST /api/pyflask/createxmlfile HTTP/1.1" 500 290 "http://127.0.0.1:4100/" "Mozilla/5.0 (X11; Linux x86_64) AppleWebKit/537.36 (KHTML, like Gecko) Chrome/90.0.4430.93 Safari/537.36"
192.168.56.220 - - [13/May/2021:20:56:48 +0000] "OPTIONS /api/pyflask/generatefile HTTP/1.1" 200 - "http://127.0.0.1:4100/" "Mozilla/5.0 (X11; Linux x86_64) AppleWebKit/537.36 (KHTML, like Gecko) Chrome/90.0.4430.93 Safari/537.36"
192.168.56.220 - - [13/May/2021:20:56:48 +0000] "POST /api/pyflask/generatefile HTTP/1.1" 200 136 "http://127.0.0.1:4100/" "Mozilla/5.0 (X11; Linux x86_64) AppleWebKit/537.36 (KHTML, like Gecko) Chrome/90.0.4430.93 Safari/537.36"
192.168.56.220 - - [13/May/2021:20:59:39 +0000] "OPTIONS /api/pyflask/testrequete HTTP/1.1" 200 - "http://127.0.0.1:4100/" "Mozilla/5.0 (X11; Linux x86_64) AppleWebKit/537.36 (KHTML, like Gecko) Chrome/90.0.4430.93 Safari/537.36"
192.168.56.220 - - [13/May/2021:20:59:39 +0000] "POST /api/pyflask/testrequete HTTP/1.1" 200 49 "http://127.0.0.1:4100/" "Mozilla/5.0 (X11; Linux x86_64) AppleWebKit/537.36 (KHTML, like Gecko) Chrome/90.0.4430.93 Safari/537.36"
192.168.56.220 - - [13/May/2021:21:01:44 +0000] "OPTIONS /api/pyflask/testrequete HTTP/1.1" 200 - "http://127.0.0.1:4100/" "Mozilla/5.0 (X11; Linux x86_64) AppleWebKit/537.36 (KHTML, like Gecko) Chrome/90.0.4430.93 Safari/537.36"
192.168.56.220 - - [13/May/2021:21:01:44 +0000] "POST /api/pyflask/testrequete HTTP/1.1" 200 49 "http://127.0.0.1:4100/" "Mozilla/5.0 (X11; Linux x86_64) AppleWebKit/537.36 (KHTML, like Gecko) Chrome/90.0.4430.93 Safari/537.36"
192.168.56.220 - - [13/May/2021:21:01:49 +0000] "OPTIONS /api/pyflask/testrequete HTTP/1.1" 200 - "http://127.0.0.1:4100/" "Mozilla/5.0 (X11; Linux x86_64) AppleWebKit/537.36 (KHTML, like Gecko) Chrome/90.0.4430.93 Safari/537.36"
192.168.56.220 - - [13/May/2021:21:01:49 +0000] "POST /api/pyflask/testrequete HTTP/1.1" 200 18 "http://127.0.0.1:4100/" "Mozilla/5.0 (X11; Linux x86_64) AppleWebKit/537.36 (KHTML, like Gecko) Chrome/90.0.4430.93 Safari/537.36"
192.168.56.220 - - [13/May/2021:21:02:17 +0000] "OPTIONS /api/pyflask/createxmlfile HTTP/1.1" 200 - "http://127.0.0.1:4100/" "Mozilla/5.0 (X11; Linux x86_64) AppleWebKit/537.36 (KHTML, like Gecko) Chrome/90.0.4430.93 Safari/537.36"
192.168.56.220 - - [13/May/2021:21:02:17 +0000] "POST /api/pyflask/createxmlfile HTTP/1.1" 500 290 "http://127.0.0.1:4100/" "Mozilla/5.0 (X11; Linux x86_64) AppleWebKit/537.36 (KHTML, like Gecko) Chrome/90.0.4430.93 Safari/537.36"
192.168.56.220 - - [13/May/2021:21:16:03 +0000] "OPTIONS /api/pyflask/testrequete HTTP/1.1" 200 - "http://127.0.0.1:4100/" "Mozilla/5.0 (X11; Linux x86_64) AppleWebKit/537.36 (KHTML, like Gecko) Chrome/90.0.4430.93 Safari/537.36"
192.168.56.220 - - [13/May/2021:21:16:04 +0000] "POST /api/pyflask/testrequete HTTP/1.1" 200 20 "http://127.0.0.1:4100/" "Mozilla/5.0 (X11; Linux x86_64) AppleWebKit/537.36 (KHTML, like Gecko) Chrome/90.0.4430.93 Safari/537.36"
192.168.56.220 - - [13/May/2021:21:16:51 +0000] "OPTIONS /api/pyflask/createxmlfile HTTP/1.1" 200 - "http://127.0.0.1:4100/" "Mozilla/5.0 (X11; Linux x86_64) AppleWebKit/537.36 (KHTML, like Gecko) Chrome/90.0.4430.93 Safari/537.36"
192.168.56.220 - - [13/May/2021:21:16:51 +0000] "POST /api/pyflask/createxmlfile HTTP/1.1" 500 290 "http://127.0.0.1:4100/" "Mozilla/5.0 (X11; Linux x86_64) AppleWebKit/537.36 (KHTML, like Gecko) Chrome/90.0.4430.93 Safari/537.36"
::1 - - [13/May/2021:21:19:31 +0000] "OPTIONS * HTTP/1.0" 200 - "-" "Apache/2.4.6 (CentOS) OpenSSL/1.0.2k-fips mod_auth_gssapi/1.5.1 mod_fcgid/2.3.9 mod_nss/1.0.14 NSS/3.28.4 mod_wsgi/4.7.1 Python/3.6 PHP/7.3.28 (internal dummy connection)"
::1 - - [13/May/2021:21:19:48 +0000] "OPTIONS * HTTP/1.0" 200 - "-" "Apache/2.4.6 (CentOS) OpenSSL/1.0.2k-fips mod_auth_gssapi/1.5.1 mod_fcgid/2.3.9 mod_nss/1.0.14 NSS/3.28.4 mod_wsgi/4.7.1 Python/3.6 PHP/7.3.28 (internal dummy connection)"
::1 - - [13/May/2021:21:20:42 +0000] "OPTIONS * HTTP/1.0" 200 - "-" "Apache/2.4.6 (CentOS) OpenSSL/1.0.2k-fips mod_auth_gssapi/1.5.1 mod_fcgid/2.3.9 mod_nss/1.0.14 NSS/3.28.4 mod_wsgi/4.7.1 Python/3.6 PHP/7.3.28 (internal dummy connection)"
192.168.56.1 - - [13/May/2021:22:29:39 +0000] "OPTIONS /api/pyflask/testconnection HTTP/1.1" 200 - "http://192.168.56.220:4200/" "Mozilla/5.0 (Windows NT 10.0; Win64; x64) AppleWebKit/537.36 (KHTML, like Gecko) Chrome/90.0.4430.212 Safari/537.36"
192.168.56.1 - - [13/May/2021:22:29:51 +0000] "OPTIONS /api/pyflask/testconnection HTTP/1.1" 200 - "http://192.168.56.220:4200/" "Mozilla/5.0 (Windows NT 10.0; Win64; x64) AppleWebKit/537.36 (KHTML, like Gecko) Chrome/90.0.4430.212 Safari/537.36"
192.168.56.1 - - [13/May/2021:22:29:51 +0000] "POST /api/pyflask/testconnection HTTP/1.1" 200 86 "http://192.168.56.220:4200/" "Mozilla/5.0 (Windows NT 10.0; Win64; x64) AppleWebKit/537.36 (KHTML, like Gecko) Chrome/90.0.4430.212 Safari/537.36"
192.168.56.1 - - [13/May/2021:22:29:39 +0000] "POST /api/pyflask/testconnection HTTP/1.1" 200 86 "http://192.168.56.220:4200/" "Mozilla/5.0 (Windows NT 10.0; Win64; x64) AppleWebKit/537.36 (KHTML, like Gecko) Chrome/90.0.4430.212 Safari/537.36"
=======
192.168.56.1 - - [14/May/2021:10:21:48 +0000] "OPTIONS /api/pyflask/testrequete HTTP/1.1" 200 - "http://192.168.56.220:4200/" "Mozilla/5.0 (Windows NT 10.0; Win64; x64) AppleWebKit/537.36 (KHTML, like Gecko) Chrome/90.0.4430.93 Safari/537.36"
192.168.56.1 - - [14/May/2021:10:21:48 +0000] "POST /api/pyflask/testrequete HTTP/1.1" 200 18 "http://192.168.56.220:4200/" "Mozilla/5.0 (Windows NT 10.0; Win64; x64) AppleWebKit/537.36 (KHTML, like Gecko) Chrome/90.0.4430.93 Safari/537.36"
::1 - - [14/May/2021:10:22:58 +0000] "OPTIONS * HTTP/1.0" 200 - "-" "Apache/2.4.6 (CentOS) OpenSSL/1.0.2k-fips mod_auth_gssapi/1.5.1 mod_fcgid/2.3.9 mod_nss/1.0.14 NSS/3.28.4 mod_wsgi/4.7.1 Python/3.6 PHP/7.3.28 (internal dummy connection)"
::1 - - [14/May/2021:10:23:30 +0000] "OPTIONS * HTTP/1.0" 200 - "-" "Apache/2.4.6 (CentOS) OpenSSL/1.0.2k-fips mod_auth_gssapi/1.5.1 mod_fcgid/2.3.9 mod_nss/1.0.14 NSS/3.28.4 mod_wsgi/4.7.1 Python/3.6 PHP/7.3.28 (internal dummy connection)"
::1 - - [14/May/2021:10:23:38 +0000] "OPTIONS * HTTP/1.0" 200 - "-" "Apache/2.4.6 (CentOS) OpenSSL/1.0.2k-fips mod_auth_gssapi/1.5.1 mod_fcgid/2.3.9 mod_nss/1.0.14 NSS/3.28.4 mod_wsgi/4.7.1 Python/3.6 PHP/7.3.28 (internal dummy connection)"
::1 - - [14/May/2021:10:23:48 +0000] "OPTIONS * HTTP/1.0" 200 - "-" "Apache/2.4.6 (CentOS) OpenSSL/1.0.2k-fips mod_auth_gssapi/1.5.1 mod_fcgid/2.3.9 mod_nss/1.0.14 NSS/3.28.4 mod_wsgi/4.7.1 Python/3.6 PHP/7.3.28 (internal dummy connection)"
192.168.56.1 - - [14/May/2021:10:50:18 +0000] "OPTIONS /api/pyflask/testrequete HTTP/1.1" 200 - "http://192.168.56.220:4200/" "Mozilla/5.0 (Windows NT 10.0; Win64; x64) AppleWebKit/537.36 (KHTML, like Gecko) Chrome/90.0.4430.93 Safari/537.36"
192.168.56.1 - - [14/May/2021:10:50:18 +0000] "POST /api/pyflask/testrequete HTTP/1.1" 200 18 "http://192.168.56.220:4200/" "Mozilla/5.0 (Windows NT 10.0; Win64; x64) AppleWebKit/537.36 (KHTML, like Gecko) Chrome/90.0.4430.93 Safari/537.36"
192.168.56.1 - - [14/May/2021:10:51:27 +0000] "OPTIONS /api/pyflask/createxmlfile HTTP/1.1" 200 - "http://192.168.56.220:4200/" "Mozilla/5.0 (Windows NT 10.0; Win64; x64) AppleWebKit/537.36 (KHTML, like Gecko) Chrome/90.0.4430.93 Safari/537.36"
192.168.56.1 - - [14/May/2021:10:51:27 +0000] "POST /api/pyflask/createxmlfile HTTP/1.1" 200 23 "http://192.168.56.220:4200/" "Mozilla/5.0 (Windows NT 10.0; Win64; x64) AppleWebKit/537.36 (KHTML, like Gecko) Chrome/90.0.4430.93 Safari/537.36"
192.168.56.1 - - [14/May/2021:10:52:13 +0000] "OPTIONS /api/pyflask/testrequete HTTP/1.1" 200 - "http://192.168.56.220:4200/" "Mozilla/5.0 (Windows NT 10.0; Win64; x64) AppleWebKit/537.36 (KHTML, like Gecko) Chrome/90.0.4430.93 Safari/537.36"
192.168.56.1 - - [14/May/2021:10:52:13 +0000] "POST /api/pyflask/testrequete HTTP/1.1" 200 18 "http://192.168.56.220:4200/" "Mozilla/5.0 (Windows NT 10.0; Win64; x64) AppleWebKit/537.36 (KHTML, like Gecko) Chrome/90.0.4430.93 Safari/537.36"
::1 - - [14/May/2021:13:25:45 +0000] "OPTIONS * HTTP/1.0" 200 - "-" "Apache/2.4.6 (CentOS) OpenSSL/1.0.2k-fips mod_auth_gssapi/1.5.1 mod_fcgid/2.3.9 mod_nss/1.0.14 NSS/3.28.4 mod_wsgi/4.7.1 Python/3.6 PHP/7.3.28 (internal dummy connection)"
192.168.56.1 - - [14/May/2021:13:59:06 +0000] "OPTIONS /api/pyflask/testrequete HTTP/1.1" 200 - "http://192.168.56.220:4200/" "Mozilla/5.0 (Windows NT 10.0; Win64; x64) AppleWebKit/537.36 (KHTML, like Gecko) Chrome/90.0.4430.93 Safari/537.36"
192.168.56.1 - - [14/May/2021:13:59:06 +0000] "POST /api/pyflask/testrequete HTTP/1.1" 200 22 "http://192.168.56.220:4200/" "Mozilla/5.0 (Windows NT 10.0; Win64; x64) AppleWebKit/537.36 (KHTML, like Gecko) Chrome/90.0.4430.93 Safari/537.36"
192.168.56.1 - - [14/May/2021:13:59:24 +0000] "OPTIONS /api/pyflask/testrequete HTTP/1.1" 200 - "http://192.168.56.220:4200/" "Mozilla/5.0 (Windows NT 10.0; Win64; x64) AppleWebKit/537.36 (KHTML, like Gecko) Chrome/90.0.4430.93 Safari/537.36"
192.168.56.1 - - [14/May/2021:13:59:24 +0000] "POST /api/pyflask/testrequete HTTP/1.1" 200 18 "http://192.168.56.220:4200/" "Mozilla/5.0 (Windows NT 10.0; Win64; x64) AppleWebKit/537.36 (KHTML, like Gecko) Chrome/90.0.4430.93 Safari/537.36"
192.168.56.1 - - [14/May/2021:13:59:53 +0000] "OPTIONS /api/pyflask/createxmlfile HTTP/1.1" 200 - "http://192.168.56.220:4200/" "Mozilla/5.0 (Windows NT 10.0; Win64; x64) AppleWebKit/537.36 (KHTML, like Gecko) Chrome/90.0.4430.93 Safari/537.36"
192.168.56.1 - - [14/May/2021:13:59:53 +0000] "POST /api/pyflask/createxmlfile HTTP/1.1" 200 23 "http://192.168.56.220:4200/" "Mozilla/5.0 (Windows NT 10.0; Win64; x64) AppleWebKit/537.36 (KHTML, like Gecko) Chrome/90.0.4430.93 Safari/537.36"
192.168.56.1 - - [14/May/2021:14:00:17 +0000] "OPTIONS /api/pyflask/testrequete HTTP/1.1" 200 - "http://192.168.56.220:4200/" "Mozilla/5.0 (Windows NT 10.0; Win64; x64) AppleWebKit/537.36 (KHTML, like Gecko) Chrome/90.0.4430.93 Safari/537.36"
